TRACK_TIME 1121238067
TRACK FIRE123 SWA1897 373716.896 1222324.18 20 13 28
    FP_ROUTE KSFO.<{"id": "Gate_F_086"}, {"id": "Ramp_06_011"}, {"id": "Txy_A_B1"}, {"id": "Txy_A_016"}, {"id": "Txy_A_015"}, {"id": "Txy_A_012"}, {"id": "Txy_A_011"}, {"id": "Txy_A_D"}, {"id": "Txy_A_010"}, {"id": "Txy_A_E"}, {"id": "Txy_A_009"}, {"id": "Txy_A_F1"}, {"id": "Txy_A_008"}, {"id": "Txy_A_G"}, {"id": "Txy_A_007"}, {"id": "Txy_A_006"}, {"id": "Txy_A_005"}, {"id": "Txy_A_H"}, {"id": "Txy_A_004"}, {"id": "Txy_A_M"}, {"id": "Txy_A_003"}, {"id": "Txy_A_002"}, {"id": "Txy_A_A1"}, {"id": "Txy_A_001"}>

TRACK FOOD123 SWA1898 333858.3794 842434.596 10 1026 228
    FP_ROUTE KATL.<{"id": "Rwy_01_012"}, {"id": "Txy_B15_001"}, {"id": "Txy_B_015"}, {"id": "Txy_B_013"}, {"id": "Txy_B_012"}, {"id": "Txy_B_011"}, {"id": "Txy_B_010"}, {"id": "Txy_B_009"}, {"id": "Txy_D_B"}, {"id": "Txy_B_C"}, {"id": "Txy_B_008"}, {"id": "Txy_B_007"}, {"id": "Txy_B4_001"}, {"id": "Rwy_02_004"}, {"id": "Txy_E3_001"}, {"id": "Txy_E_104"}, {"id": "Txy_E_004"}, {"id": "Txy_E_003"}, {"id": "Txy_F_003"}, {"id": "Txy_F_002"}, {"id": "Txy_F_001"}, {"id": "Txy_1N_001"}, {"id": "Ramp_02_001"}, {"id": "Ramp_02_002"}, {"id": "Ramp_02_003"}, {"id": "Ramp_02_004"}, {"id": "Ramp_02_005"}, {"id": "Ramp_02_006"}, {"id": "Ramp_02_007"}, {"id": "Ramp_02_008"}, {"id": "Ramp_02_009"}, {"id": "Ramp_02_010"}, {"id": "Ramp_02_011"}, {"id": "Ramp_02_012"}, {"id": "Ramp_02_013"}, {"id": "Ramp_02_014"}, {"id": "Ramp_01_001"}, {"id": "Gate_T_001"}>

TRACK TUG123 SWA1897 333854.2034 842443.02 18 1026 236
    FP_ROUTE KATL.<{"id": "Txy_B_012"}, {"id": "Txy_B_011"}, {"id": "Txy_B_010"}, {"id": "Txy_B_009"}, {"id": "Txy_D_B"}, {"id": "Txy_B_C"}, {"id": "Txy_B_008"}, {"id": "Txy_B_007"}, {"id": "Txy_B4_001"}, {"id": "Rwy_02_004"}, {"id": "Txy_E3_001"}, {"id": "Txy_E_104"}, {"id": "Txy_E_004"}, {"id": "Txy_E_003"}, {"id": "Txy_F_003"}, {"id": "Txy_F_002"}, {"id": "Txy_F_001"}, {"id": "Txy_1N_001"}, {"id": "Ramp_02_001"}, {"id": "Ramp_02_002"}, {"id": "Ramp_02_003"}, {"id": "Ramp_02_004"}, {"id": "Ramp_02_005"}, {"id": "Ramp_02_006"}, {"id": "Ramp_02_007"}, {"id": "Ramp_02_008"}, {"id": "Ramp_02_009"}, {"id": "Ramp_02_010"}, {"id": "Ramp_02_011"}, {"id": "Ramp_02_012"}, {"id": "Ramp_02_013"}, {"id": "Ramp_02_014"}, {"id": "Ramp_01_001"}>

TRACK PUSH123 SWA1898 350342.516 895814.34 20 340 96
    FP_ROUTE KMEM.<{"id": "Ramp_03_018"}, {"id": "Ramp_03_017"}, {"id": "Ramp_03_016"}, {"id": "Ramp_03_015"}, {"id": "Ramp_03_014"}, {"id": "Ramp_03_013"}, {"id": "Ramp_03_011"}, {"id": "Ramp_03_010"}, {"id": "Ramp_03_009"}, {"id": "Txy_S_003"}, {"id": "Txy_S_004"}, {"id": "Txy_V_S"}, {"id": "Txy_S_005"}, {"id": "Rwy_04_004"}, {"id": "Txy_S_006"}, {"id": "Txy_A_S"}, {"id": "Txy_S_007"}, {"id": "Txy_S_008"}, {"id": "Txy_B_S"}, {"id": "Txy_S_009"}, {"id": "Txy_S_010"}, {"id": "Txy_S_S7"}, {"id": "Txy_S_011"}, {"id": "Txy_S_012"}, {"id": "Txy_S_D"}, {"id": "Txy_S_013"}, {"id": "Txy_S_S6"}, {"id": "Txy_S_K"}, {"id": "Txy_S_S3"}, {"id": "Txy_S_014"}, {"id": "Txy_S_P"}, {"id": "Txy_S_015"}, {"id": "Txy_E_S"}, {"id": "Txy_S_S1"}, {"id": "Txy_H_S"}, {"id": "Txy_S_016"}, {"id": "Txy_R_S"}, {"id": "Txy_R_003"}>

TRACK FUEL123 SWA1897 403846.0674 734521.024 21 13 0
    FP_ROUTE KJFK.<{"id": "Txy_E_002"}, {"id": "Txy_Y_E"}, {"id": "Txy_FB_Y"}, {"id": "Txy_FB_004"}, {"id": "Rwy_03_12"}, {"id": "Txy_ZA_006"}, {"id": "Txy_ZA_005"}, {"id": "Txy_C_ZA"}, {"id": "Txy_E_C"}, {"id": "Rwy_02_012"}, {"id": "Txy_E_008"}, {"id": "Txy_B_E"}, {"id": "Txy_A_E"}, {"id": "Txy_A_DA"}, {"id": "Txy_DA_001"}, {"id": "Ramp_06_014"}, {"id": "Ramp_06_013"}, {"id": "Ramp_06_012"}, {"id": "Ramp_06_011"}, {"id": "Ramp_06_008"}, {"id": "Ramp_06_009"}, {"id": "Gate_06_15"}>

TRACK BUS123 SWA1898 395139.0594 751630 15 36 81
    FP_ROUTE KPHL.<{"id": "Rwy_01_001"}, {"id": "Txy_S_001"}, {"id": "Txy_S_102"}, {"id": "Txy_S_002"}, {"id": "Txy_S_003"}, {"id": "Txy_Z_009"}, {"id": "Txy_Z_010"}, {"id": "Txy_Z_011"}, {"id": "Txy_Z_012"}, {"id": "Txy_Z_013"}, {"id": "Txy_Z_014"}, {"id": "Parking_deice1_002"}, {"id": "Txy_Z_003"}, {"id": "Txy_Z_016"}, {"id": "Txy_Z_017"}, {"id": "Txy_K_001"}, {"id": "Txy_K_002"}, {"id": "Txy_K_003"}, {"id": "Txy_K_004"}, {"id": "spot_02S"}, {"id": "Ramp_13_001"}, {"id": "spot_02E"}, {"id": "Txy_J_004"}, {"id": "Ramp_01_001"}, {"id": "Ramp_01_002"}, {"id": "Ramp_01_003"}, {"id": "Ramp_01_004"}, {"id": "Ramp_01_005"}, {"id": "Gate_AW_018"}>

TRACK BELT123 SWA1897 373741.8434 1222332.28 26 13 315
    FP_ROUTE KSFO.<{"id": "Rwy_04_016"}, {"id": "Txy_S2_001"}, {"id": "Txy_S_001"}, {"id": "Txy_S_R"}, {"id": "Txy_Z_R"}, {"id": "Txy_Z_S1"}, {"id": "Txy_Z_B1"}, {"id": "Txy_Z_Q"}, {"id": "Txy_B_003"}, {"id": "Txy_Q1_001"}, {"id": "Txy_A_014"}, {"id": "Txy_A_K"}, {"id": "Txy_A_013"}, {"id": "Txy_A_012"}, {"id": "Txy_A_011"}, {"id": "Txy_A_D"}, {"id": "Txy_A_010"}, {"id": "Txy_A_E"}, {"id": "Txy_A_009"}, {"id": "Txy_A_F1"}, {"id": "Txy_A_008"}, {"id": "Txy_A_G"}, {"id": "Txy_A_007"}, {"id": "Txy_A_006"}, {"id": "Txy_A_005"}, {"id": "Txy_A_H"}, {"id": "Txy_A_004"}, {"id": "Txy_H_006"}, {"id": "Txy_H_005"}, {"id": "Txy_H_004"}, {"id": "Txy_H_003"}, {"id": "Txy_H_002"}, {"id": "Txy_H_001"}, {"id": "Txy_M_H"}, {"id": "Ramp_01_007"}, {"id": "Ramp_01_006"}, {"id": "Ramp_01_005"}, {"id": "Ramp_01_004"}, {"id": "Ramp_01_003"}, {"id": "Ramp_01_002"}, {"id": "Ramp_01_001"}, {"id": "Gate_A_006"}>

TRACK STAIR123 SWA1898 445250.3754 931140.8834 10 842 334
    FP_ROUTE KMSP.<{"id": "Txy_P1_001"}, {"id": "Txy_P1_P"}, {"id": "Ramp_Deice_016"}, {"id": "Parking_Deice_022"}, {"id": "Ramp_Deice_020"}, {"id": "Ramp_Deice_021"}, {"id": "Ramp_Deice_022"}, {"id": "Gate_A_011"}>

TRACK DEICE123 SWA1897 332546.668 1120016.992 5 1135 28
    FP_ROUTE KPHX.<{"id": "Txy_G7_001"}, {"id": "Txy_F_009"}, {"id": "Txy_F_010"}, {"id": "Txy_F_011"}, {"id": "Txy_F_012"}, {"id": "Txy_F_013"}, {"id": "Txy_F13_001"}, {"id": "Rwy_02_018"}, {"id": "Txy_E13_001"}, {"id": "Txy_E_022"}, {"id": "Txy_D13_001"}, {"id": "Ramp_10_005"}, {"id": "Ramp_10_006"} {"id": "Gate_04_C16"}>

TRACK TRAC123 SWA1898 332543.7874 1120019.0074 27 1135 28
    FP_ROUTE KPHX.<{"id": "Rwy_03_009"}, {"id": "Txy_G7_001"}, {"id": "Txy_F_009"}, {"id": "Txy_F_010"}, {"id": "Txy_F_011"}, {"id": "Txy_F_012"}, {"id": "Txy_F_013"}, {"id": "Txy_F13_001"}, {"id": "Rwy_02_018"}, {"id": "Txy_E13_001"}, {"id": "Txy_E_022"}, {"id": "Txy_D13_001"}, {"id": "Ramp_10_005"}, {"id": "Ramp_10_006"} {"id": "Gate_04_C16"}>

TRACK COP123 SWA1897 373741.8434 1222332.28 20 13 315
    FP_ROUTE KSFO.<{"id": "Txy_Z_B1"}, {"id": "Txy_Z_Q"}, {"id": "Txy_B_003"}, {"id": "Txy_Q1_001"}, {"id": "Txy_A_014"}, {"id": "Txy_A_K"}, {"id": "Txy_A_013"}, {"id": "Txy_A_012"}, {"id": "Txy_A_011"}, {"id": "Txy_A_D"}, {"id": "Txy_A_010"}, {"id": "Txy_A_E"}, {"id": "Txy_A_009"}, {"id": "Txy_A_F1"}, {"id": "Txy_A_008"}, {"id": "Txy_A_G"}, {"id": "Txy_A_007"}, {"id": "Txy_A_006"}, {"id": "Txy_A_005"}, {"id": "Txy_A_H"}, {"id": "Txy_A_004"}, {"id": "Txy_H_006"}, {"id": "Txy_H_005"}, {"id": "Txy_H_004"}, {"id": "Txy_H_003"}, {"id": "Txy_H_002"}, {"id": "Txy_H_001"}, {"id": "Txy_M_H"}, {"id": "Ramp_01_007"}, {"id": "Ramp_01_006"}, {"id": "Ramp_01_005"}, {"id": "Ramp_01_004"}, {"id": "Ramp_01_003"}, {"id": "Ramp_01_002"}, {"id": "Ramp_01_001"}>
